Checking test-site (https://example.com/page)...
  🔔 CHANGE DETECTED for test-site!
     Old checksum: old123
     New checksum: 135b3eb0f72fa05de93657548092671cce9aadb6b12c90856cbe09a52c8bc9d1

============================================================
SUMMARY_OUTPUT_START
============================================================
# Website Change Monitor Results

## 🔔 1 Change(s) Detected

### test-site
- **URL**: [https://example.com/page](https://example.com/page)
- **Monitoring Type**: checksum
- **Old Checksum**: `old123`
- **New Checksum**: `135b3eb0f72fa05de93657548092671cce9aadb6b12c90856cbe09a52c8bc9d1`
- **Detected At**: 2025-12-13T16:59:22.521653+00:00

============================================================
SUMMARY_OUTPUT_END
============================================================
